
> serapeu-knowledge-platform@0.1.0 build
> next build

Ôû▓ Next.js 16.2.4 (Turbopack)
- Environments: .env.local

  Creating an optimized production build ...
Ô£ô Compiled successfully in 6.4s
  Skipping validation of types
  Finished TypeScript config validation in 34ms ...
  Collecting page data using 7 workers ...
  Generating static pages using 7 workers (0/27) ...
  Generating static pages using 7 workers (6/27) 
  Generating static pages using 7 workers (13/27) 
  Generating static pages using 7 workers (20/27) 
Ô£ô Generating static pages using 7 workers (27/27) in 1237ms
  Finalizing page optimization ...

Route (app)
Ôöî Ôùï /
Ôö£ Ôùï /_not-found
Ôö£ Ôùï /acesso-negado
Ôö£ Ôùï /admin
Ôö£ ãÆ /api/admin/problems/delete
Ôö£ ãÆ /api/admin/requests/delete
Ôö£ ãÆ /api/admin/tutorials/approve
Ôö£ ãÆ /api/admin/tutorials/delete
Ôö£ ãÆ /api/admin/users/ban
Ôö£ ãÆ /api/admin/users/delete
Ôö£ ãÆ /api/admin/users/demote
Ôö£ ãÆ /api/admin/users/promote
Ôö£ Ôùï /auth/auth-code-error
Ôö£ Ôùï /auth/callback
Ôö£ Ôùï /criar
Ôö£ Ôùï /email-confirmado
Ôö£ Ôùï /entrar
Ôö£ Ôùï /esqueci-senha
Ôö£ Ôùï /manutencao
Ôö£ Ôùï /offline
Ôö£ Ôùï /perfil
Ôö£ Ôùï /perguntas
Ôö£ Ôùï /registrar
Ôö£ Ôùï /salvos
Ôö£ Ôùï /sobre
Ôö£ ãÆ /tutorial/[id]
Ôöö Ôùï /verifique-seu-email


ãÆ Proxy (Middleware)

Ôùï  (Static)   prerendered as static content
ãÆ  (Dynamic)  server-rendered on demand

